*** Using Compiler 'V5.06 update 3 (build 300)', folder: 'D:\Keil_v5\ARM\ARMCC\Bin'
Build target 'DSP'
assembling startup_stm32f103xg.s...
compiling main.c...
../Core/Src/main.c(856): warning:  #177-D: function "MX_USART3_UART_Init"  was declared but never referenced
  static void MX_USART3_UART_Init(void)
../Core/Src/main.c(758): warning:  #177-D: function "MX_UART4_Init"  was declared but never referenced
  static void MX_UART4_Init(void)
../Core/Src/main.c(258): warning:  #177-D: function "MX_TIM1_Init"  was declared but never referenced
  static void MX_TIM1_Init(void)
../Core/Src/main.c(333): warning:  #177-D: function "MX_TIM2_Init"  was declared but never referenced
  static void MX_TIM2_Init(void)
../Core/Src/main.c(392): warning:  #177-D: function "MX_TIM3_Init"  was declared but never referenced
  static void MX_TIM3_Init(void)
../Core/Src/main.c(451): warning:  #177-D: function "MX_TIM4_Init"  was declared but never referenced
  static void MX_TIM4_Init(void)
../Core/Src/main.c(496): warning:  #177-D: function "MX_TIM5_Init"  was declared but never referenced
  static void MX_TIM5_Init(void)
../Core/Src/main.c(555): warning:  #177-D: function "MX_TIM6_Init"  was declared but never referenced
  static void MX_TIM6_Init(void)
../Core/Src/main.c(593): warning:  #177-D: function "MX_TIM8_Init"  was declared but never referenced
  static void MX_TIM8_Init(void)
../Core/Src/main.c(668): warning:  #177-D: function "MX_TIM9_Init"  was declared but never referenced
  static void MX_TIM9_Init(void)
../Core/Src/main.c(706): warning:  #177-D: function "MX_TIM12_Init"  was declared but never referenced
  static void MX_TIM12_Init(void)
../Core/Src/main.c(823): warning:  #177-D: function "MX_USART2_UART_Init"  was declared but never referenced
  static void MX_USART2_UART_Init(void)
../Core/Src/main.c: 12 warnings, 0 errors
compiling stm32f1xx_hal_gpio_ex.c...
compiling stm32f1xx_hal.c...
compiling stm32f1xx_hal_msp.c...
compiling system_stm32f1xx.c...
compiling stm32f1xx_hal_pwr.c...
compiling stm32f1xx_hal_gpio.c...
compiling stm32f1xx_it.c...
compiling stm32f1xx_hal_cortex.c...
compiling stm32f1xx_hal_exti.c...
compiling stm32f1xx_hal_tim_ex.c...
compiling stm32f1xx_hal_flash_ex.c...
compiling app.c...
compiling stm32f1xx_hal_rcc_ex.c...
compiling hc595d.c...
compiling stm32f1xx_hal_uart.c...
compiling stm32f1xx_hal_flash.c...
compiling stm32f1xx_hal_dma.c...
compiling stm32f1xx_hal_rcc.c...
compiling protocol_public.c...
compiling stm32f1xx_hal_tim.c...
compiling key.c...
compiling time.c...
compiling led.c...
compiling uart.c...
compiling pwm.c...
compiling rtos.c...
linking...
.\DSP\DSP.axf: Error: L6218E: Undefined symbol fpga_update_task (referred from main.o).
.\DSP\DSP.axf: Error: L6218E: Undefined symbol my_gpio_init (referred from main.o).
Not enough information to list image symbols.
Not enough information to list load addresses in the image map.
Finished: 2 information, 0 warning and 2 error messages.
".\DSP\DSP.axf" - 2 Error(s), 12 Warning(s).
Target not created.
Build Time Elapsed:  00:00:03
