*** Using Compiler 'V5.06 update 3 (build 300)', folder: 'D:\Keil_v5\ARM\ARMCC\Bin'
Rebuild target 'DSP'
assembling startup_stm32f103xg.s...
compiling stm32f1xx_it.c...
compiling stm32f1xx_hal_gpio_ex.c...
compiling stm32f1xx_hal_rcc.c...
compiling stm32f1xx_hal_msp.c...
compiling stm32f1xx_hal_exti.c...
compiling stm32f1xx_hal_flash_ex.c...
compiling stm32f1xx_hal_gpio.c...
compiling main.c...
../Core/Src/main.c(784): warning:  #177-D: function "MX_USART3_UART_Init"  was declared but never referenced
  static void MX_USART3_UART_Init(void)
../Core/Src/main.c(686): warning:  #177-D: function "MX_UART4_Init"  was declared but never referenced
  static void MX_UART4_Init(void)
../Core/Src/main.c(186): warning:  #177-D: function "MX_TIM1_Init"  was declared but never referenced
  static void MX_TIM1_Init(void)
../Core/Src/main.c(261): warning:  #177-D: function "MX_TIM2_Init"  was declared but never referenced
  static void MX_TIM2_Init(void)
../Core/Src/main.c(320): warning:  #177-D: function "MX_TIM3_Init"  was declared but never referenced
  static void MX_TIM3_Init(void)
../Core/Src/main.c(379): warning:  #177-D: function "MX_TIM4_Init"  was declared but never referenced
  static void MX_TIM4_Init(void)
../Core/Src/main.c(424): warning:  #177-D: function "MX_TIM5_Init"  was declared but never referenced
  static void MX_TIM5_Init(void)
../Core/Src/main.c(483): warning:  #177-D: function "MX_TIM6_Init"  was declared but never referenced
  static void MX_TIM6_Init(void)
../Core/Src/main.c(521): warning:  #177-D: function "MX_TIM8_Init"  was declared but never referenced
  static void MX_TIM8_Init(void)
../Core/Src/main.c(596): warning:  #177-D: function "MX_TIM9_Init"  was declared but never referenced
  static void MX_TIM9_Init(void)
../Core/Src/main.c(634): warning:  #177-D: function "MX_TIM12_Init"  was declared but never referenced
  static void MX_TIM12_Init(void)
../Core/Src/main.c(751): warning:  #177-D: function "MX_USART2_UART_Init"  was declared but never referenced
  static void MX_USART2_UART_Init(void)
../Core/Src/main.c: 12 warnings, 0 errors
compiling bootloader.c...
compiling stm32f1xx_hal_cortex.c...
compiling system_stm32f1xx.c...
compiling stm32f1xx_hal_flash.c...
compiling stm32f1xx_hal_rcc_ex.c...
compiling stm32f1xx_hal_pwr.c...
compiling stm32f1xx_hal_dma.c...
compiling stm32f1xx_hal.c...
compiling stm32f1xx_hal_tim_ex.c...
compiling stm32f1xx_hal_uart.c...
compiling stm32f1xx_hal_tim.c...
linking...
Program Size: Code=11092 RO-data=360 RW-data=64 ZI-data=2336  
FromELF: creating hex file...
After Build - User command #2: D:\OneDrive\embedded_library\work\stm32_fpga_bootloader\STM32F103_BootLoader_new_V1.0\MDK-ARM\Keil5_disp_size_bar_v0.3.exe
[Keil5_disp_size_bar V0.3]: start find map file

[Keil5_disp_size_bar V0.3]: Found:D:\OneDrive\embedded_library\work\stm32_fpga_bootloader\STM32F103_BootLoader_new_V1.0\MDK-ARM\DSP\DSP.map

[Keil5_disp_size_bar V0.3]: found end

ram:
   64 KB   ram1:|____________________|  3.66 % (    2.34 KB /    64.00 KB) [63136 B]
flash:
   12 KB flash1:|¡ö¡ö¡ö¡ö¡ö¡ö¡ö¡ö¡ö¡ö¡ö¡ö¡ö¡ö¡ö¡ö¡ö¡ö__| 93.20 % (   11.18 KB /    12.00 KB) [836 B]

".\DSP\DSP.axf" - 0 Error(s), 12 Warning(s).
Build Time Elapsed:  00:00:03
